# Guard global (endurecido) · catalogo del replay con PRE-BETA-1 aplicada
Guard de aislamiento de tenants · catalogo local (supabase_db_techrepair-vite)

Tablas SIN business_id expuestas a la API (inventario, no implica hueco):
  · businesses                             authenticated:S  (anclada: self/tenant)
  · personal_account_balances              authenticated:S authenticated:I authenticated:U authenticated:D  (anclada: self/tenant)
  · personal_budgets                       authenticated:S authenticated:I authenticated:U authenticated:D  (anclada: self/tenant)
  · personal_card_payments                 authenticated:S authenticated:I authenticated:U authenticated:D  (anclada: self/tenant)
  · personal_card_purchases                authenticated:S authenticated:I authenticated:U authenticated:D  (anclada: self/tenant)
  · personal_debt_payments                 authenticated:S authenticated:I authenticated:U authenticated:D  (anclada: self/tenant)
  · personal_debts                         authenticated:S authenticated:I authenticated:U authenticated:D  (anclada: self/tenant)
  · personal_recurring_expense_payments    authenticated:S authenticated:I authenticated:U authenticated:D  (anclada: self/tenant)
  · personal_recurring_expenses            authenticated:S authenticated:I authenticated:U authenticated:D  (anclada: self/tenant)
  · personal_savings_goals                 authenticated:S authenticated:I authenticated:U authenticated:D  (anclada: self/tenant)
  · system_admins                          authenticated:S  (anclada: self/tenant)

DEUDA PREEXISTENTE (fuera de alcance, NO legitima — seguimiento abierto):
  ⚠ customer_events.ce_insert CHECK_TRUE authenticated:I — INSERT con WITH CHECK (true) desde el remote_baseline: un authenticated puede insertar eventos con business_id ajeno (escritura cross-tenant; la lectura si esta anclada por ce_admin). Fuera del alcance de PRE-BETA-1: requiere discovery propio (P1 de seguimiento).
  ⚠ personal_accounts.personal_accounts_own NO_DEMOSTRABLE authenticated:I — Mi Guita: CHECK solo-self (user_id = auth.uid()) y authenticated puede escribir business_id (FK a businesses, nullable): un usuario puede etiquetar SUS filas personales con el business_id de otro negocio. Hoy nadie las lee por business_id (base: 0 vistas/funciones; src: 0), asi que no hay fuga de datos, pero la columna no esta atada a la pertenencia. Fuera del alcance de PRE-BETA-1: requiere discovery propio (P1 de seguimiento).
  ⚠ personal_accounts.personal_accounts_own NO_DEMOSTRABLE authenticated:U — Mi Guita: CHECK solo-self (user_id = auth.uid()) y authenticated puede escribir business_id (FK a businesses, nullable): un usuario puede etiquetar SUS filas personales con el business_id de otro negocio. Hoy nadie las lee por business_id (base: 0 vistas/funciones; src: 0), asi que no hay fuga de datos, pero la columna no esta atada a la pertenencia. Fuera del alcance de PRE-BETA-1: requiere discovery propio (P1 de seguimiento).
  ⚠ personal_categories.personal_categories_own NO_DEMOSTRABLE authenticated:I — Mi Guita: CHECK solo-self (user_id = auth.uid()) y authenticated puede escribir business_id (FK a businesses, nullable): un usuario puede etiquetar SUS filas personales con el business_id de otro negocio. Hoy nadie las lee por business_id (base: 0 vistas/funciones; src: 0), asi que no hay fuga de datos, pero la columna no esta atada a la pertenencia. Fuera del alcance de PRE-BETA-1: requiere discovery propio (P1 de seguimiento).
  ⚠ personal_categories.personal_categories_own NO_DEMOSTRABLE authenticated:U — Mi Guita: CHECK solo-self (user_id = auth.uid()) y authenticated puede escribir business_id (FK a businesses, nullable): un usuario puede etiquetar SUS filas personales con el business_id de otro negocio. Hoy nadie las lee por business_id (base: 0 vistas/funciones; src: 0), asi que no hay fuga de datos, pero la columna no esta atada a la pertenencia. Fuera del alcance de PRE-BETA-1: requiere discovery propio (P1 de seguimiento).
  ⚠ personal_credit_cards.personal_credit_cards_own NO_DEMOSTRABLE authenticated:I — Mi Guita: CHECK solo-self (user_id = auth.uid()) y authenticated puede escribir business_id (FK a businesses, nullable): un usuario puede etiquetar SUS filas personales con el business_id de otro negocio. Hoy nadie las lee por business_id (base: 0 vistas/funciones; src: 0), asi que no hay fuga de datos, pero la columna no esta atada a la pertenencia. Fuera del alcance de PRE-BETA-1: requiere discovery propio (P1 de seguimiento).
  ⚠ personal_credit_cards.personal_credit_cards_own NO_DEMOSTRABLE authenticated:U — Mi Guita: CHECK solo-self (user_id = auth.uid()) y authenticated puede escribir business_id (FK a businesses, nullable): un usuario puede etiquetar SUS filas personales con el business_id de otro negocio. Hoy nadie las lee por business_id (base: 0 vistas/funciones; src: 0), asi que no hay fuga de datos, pero la columna no esta atada a la pertenencia. Fuera del alcance de PRE-BETA-1: requiere discovery propio (P1 de seguimiento).
  ⚠ personal_transactions.personal_transactions_own NO_DEMOSTRABLE authenticated:I — Mi Guita: CHECK solo-self (user_id = auth.uid()) y authenticated puede escribir business_id (FK a businesses, nullable): un usuario puede etiquetar SUS filas personales con el business_id de otro negocio. Hoy nadie las lee por business_id (base: 0 vistas/funciones; src: 0), asi que no hay fuga de datos, pero la columna no esta atada a la pertenencia. Fuera del alcance de PRE-BETA-1: requiere discovery propio (P1 de seguimiento).
  ⚠ personal_transactions.personal_transactions_own NO_DEMOSTRABLE authenticated:U — Mi Guita: CHECK solo-self (user_id = auth.uid()) y authenticated puede escribir business_id (FK a businesses, nullable): un usuario puede etiquetar SUS filas personales con el business_id de otro negocio. Hoy nadie las lee por business_id (base: 0 vistas/funciones; src: 0), asi que no hay fuga de datos, pero la columna no esta atada a la pertenencia. Fuera del alcance de PRE-BETA-1: requiere discovery propio (P1 de seguimiento).

OK · 0 violaciones · 346 expresiones demostradas tenant/self-scoped · 3 policy(s) por allowlist con huella (wholesale_customers.wc_own_insert, wholesale_customers.wc_own_update, wholesale_order_items.woi_customer_select) · 8 helpers revisados con huella vigente · PIN PRE-BETA-1 cumplido · 9 deuda(s) preexistente(s) reportada(s).
exit=0
