
══════ P1 · purchase(+5, this month) holds  ×  purchase(+3, this month) late ══════
  purchase | {"ok": true, "replay": false, "purchase_id": "2a2e5386-6b1e-477e-a96c-b496f31801b8"}
  purchase | {"ok": true, "replay": false, "purchase_id": "a1592d01-8d6e-4462-99f7-af99d2347f47"}
  A_purchase | 15:48:48.095 | BEGIN
  A_purchase | 15:48:48.125 | writer returned; holding row lock (uncommitted)
  B_purchase | 15:48:49.097 | BEGIN
  MON | 15:48:50.102 | g2c2-A_purchase | active | Timeout/PgSleep | 
  MON | 15:48:50.102 | g2c2-B_purchase | active | Lock/advisory | g2c2-A_purchase
  A_purchase | 15:48:51.126 | COMMIT…
  A_purchase | 15:48:51.132 | committed
  B_purchase | 15:48:51.149 | writer returned
  B_purchase | 15:48:51.151 | committed
  STOCK | 00000000-0000-0000-0000-0000000c221d | 18 | 18
  MOV | 00000000-0000-0000-0000-0000000c221d | purchase | 10 | 5 | 15 | row-invariant OK | supplier_purchase
  MOV | 00000000-0000-0000-0000-0000000c221d | purchase | 15 | 3 | 18 | row-invariant OK | supplier_purchase
  CHAIN | 00000000-0000-0000-0000-0000000c221d | 2 | 18 | 18 | SERIALIZED: one continuous chain 10 -> ... -> stock_now
  EXPECTED (serialized) final stock: {"00000000-0000-0000-0000-0000000c221d":18}

══════ P2 · purchase(+5, PREVIOUS month) holds  ×  purchase(+3, this month) late ══════
  purchase | {"ok": true, "replay": false, "purchase_id": "7da5b39a-3fca-4a69-8df8-73e68ab615cc"}
  purchase | {"ok": true, "replay": false, "purchase_id": "d46543a8-c3c5-48f2-8920-cb87e28e1545"}
  A_purchase_prev | 15:48:51.664 | BEGIN
  A_purchase_prev | 15:48:51.688 | writer returned; holding row lock (uncommitted)
  B_purchase | 15:48:52.667 | BEGIN
  MON | 15:48:53.669 | g2c2-A_purchase_prev | active | Timeout/PgSleep | 
  MON | 15:48:53.669 | g2c2-B_purchase | active | Lock/transactionid | g2c2-A_purchase_prev
  A_purchase_prev | 15:48:54.690 | COMMIT…
  A_purchase_prev | 15:48:54.693 | committed
  B_purchase | 15:48:54.703 | writer returned
  B_purchase | 15:48:54.706 | committed
  STOCK | 00000000-0000-0000-0000-0000000c221e | 13 | 13
  MOV | 00000000-0000-0000-0000-0000000c221e | purchase | 10 | 5 | 15 | row-invariant OK | supplier_purchase
  MOV | 00000000-0000-0000-0000-0000000c221e | purchase | 10 | 3 | 13 | row-invariant OK | supplier_purchase
  CHAIN | 00000000-0000-0000-0000-0000000c221e | 2 | 18 | 13 | LOST UPDATE: no continuous chain; stock_now <> 10 + sum(quantity)
  EXPECTED (serialized) final stock: {"00000000-0000-0000-0000-0000000c221e":18}

══════ P3 · checkout(-2) holds  ×  purchase(+5, PREVIOUS month) late ══════
  purchase | {"ok": true, "replay": false, "purchase_id": "c3e7fe7d-360f-4c51-ab8d-1bb8d9c6b9e0"}
  checkout | {"status": "created", "comprobante_id": "f87dad7b-2461-42c0-bc87-e09111318350"}
  A_checkout | 15:48:55.250 | BEGIN
  A_checkout | 15:48:55.295 | writer returned; holding row lock (uncommitted)
  B_purchase_prev | 15:48:56.251 | BEGIN
  MON | 15:48:57.253 | g2c2-A_checkout | active | Timeout/PgSleep | 
  MON | 15:48:57.253 | g2c2-B_purchase_prev | active | Lock/transactionid | g2c2-A_checkout
  A_checkout | 15:48:58.299 | COMMIT…
  A_checkout | 15:48:58.302 | committed
  B_purchase_prev | 15:48:58.312 | writer returned
  B_purchase_prev | 15:48:58.314 | committed
  STOCK | 00000000-0000-0000-0000-0000000c221f | 13 | 13
  MOV | 00000000-0000-0000-0000-0000000c221f | sale | 10 | -2 | 8 | row-invariant OK | comprobante
  MOV | 00000000-0000-0000-0000-0000000c221f | purchase | 8 | 5 | 13 | row-invariant OK | supplier_purchase
  CHAIN | 00000000-0000-0000-0000-0000000c221f | 2 | 13 | 13 | SERIALIZED: one continuous chain 10 -> ... -> stock_now
  EXPECTED (serialized) final stock: {"00000000-0000-0000-0000-0000000c221f":13}

══════ P4 · purchase(+5, PREVIOUS month) holds  ×  checkout(-2) late ══════
  purchase | {"ok": true, "replay": false, "purchase_id": "ca4732f3-84f4-4531-b7e5-b06630317252"}
  checkout | {"status": "created", "comprobante_id": "caa55f3f-bc82-4901-a3e5-f323c1b966a1"}
  A_purchase_prev | 15:48:58.809 | BEGIN
  A_purchase_prev | 15:48:58.833 | writer returned; holding row lock (uncommitted)
  B_checkout | 15:48:59.811 | BEGIN
  MON | 15:49:00.813 | g2c2-A_purchase_prev | active | Timeout/PgSleep | 
  MON | 15:49:00.813 | g2c2-B_checkout | active | Lock/transactionid | g2c2-A_purchase_prev
  A_purchase_prev | 15:49:01.837 | COMMIT…
  A_purchase_prev | 15:49:01.840 | committed
  B_checkout | 15:49:01.865 | writer returned
  B_checkout | 15:49:01.867 | committed
  STOCK | 00000000-0000-0000-0000-0000000c2220 | 13 | 13
  MOV | 00000000-0000-0000-0000-0000000c2220 | purchase | 10 | 5 | 15 | row-invariant OK | supplier_purchase
  MOV | 00000000-0000-0000-0000-0000000c2220 | sale | 15 | -2 | 13 | row-invariant OK | comprobante
  CHAIN | 00000000-0000-0000-0000-0000000c2220 | 2 | 13 | 13 | SERIALIZED: one continuous chain 10 -> ... -> stock_now
  EXPECTED (serialized) final stock: {"00000000-0000-0000-0000-0000000c2220":13}
